T450s@DESKTOP-QPVRHCB MINGW64 /c/xampp/htdocs/Git-Laravel (demo)
$ git branch -m abc

T450s@DESKTOP-QPVRHCB MINGW64 /c/xampp/htdocs/Git-Laravel (abc)
$ git push origin abc
Total 0 (delta 0), reused 0 (delta 0), pack-reused 0
remote:
remote: Create a pull request for 'abc' on GitHub by visiting:
remote:      https://github.com/phungthuan99/Laravel-Thuanpk/pull/new/abc
remote:
To https://github.com/phungthuan99/Laravel-Thuanpk.git
 * [new branch]      abc -> abc

T450s@DESKTOP-QPVRHCB MINGW64 /c/xampp/htdocs/Git-Laravel (abc)
$ git status
On branch abc
Untracked files:
  (use "git add <file>..." to include in what will be committed)
        ass.txt
        demo.txt

nothing added to commit but untracked files present (use "git add" to track)

T450s@DESKTOP-QPVRHCB MINGW64 /c/xampp/htdocs/Git-Laravel (abc)
$ git add -A

T450s@DESKTOP-QPVRHCB MINGW64 /c/xampp/htdocs/Git-Laravel (abc)
$ git status
On branch abc
Changes to be committed:
  (use "git restore --staged <file>..." to unstage)
        new file:   ass.txt
        new file:   demo.txt
        new file:   demo1.txt


T450s@DESKTOP-QPVRHCB MINGW64 /c/xampp/htdocs/Git-Laravel (abc)
$ git push origin abc
Everything up-to-date

T450s@DESKTOP-QPVRHCB MINGW64 /c/xampp/htdocs/Git-Laravel (abc)
$ up-to-date
bash: up-to-date: command not found

T450s@DESKTOP-QPVRHCB MINGW64 /c/xampp/htdocs/Git-Laravel (abc)
$ git up-to-date
git: 'up-to-date' is not a git command. See 'git --help'.

T450s@DESKTOP-QPVRHCB MINGW64 /c/xampp/htdocs/Git-Laravel (abc)
$ git commit -m "up-date"
[abc d3b49cc] up-date
 3 files changed, 149 insertions(+)
 create mode 100644 ass.txt
 create mode 100644 demo.txt
 create mode 100644 demo1.txt

T450s@DESKTOP-QPVRHCB MINGW64 /c/xampp/htdocs/Git-Laravel (abc)
$ git status
On branch abc
nothing to commit, working tree clean

T450s@DESKTOP-QPVRHCB MINGW64 /c/xampp/htdocs/Git-Laravel (abc)
$ git remote add origin https://github.com/phungthuan99/Laravel-Thuanpk.git
fatal: remote origin already exists.

T450s@DESKTOP-QPVRHCB MINGW64 /c/xampp/htdocs/Git-Laravel (abc)
$ git push origin abc
Enumerating objects: 6, done.
Counting objects: 100% (6/6), done.
Delta compression using up to 4 threads
Compressing objects: 100% (3/3), done.
Writing objects: 100% (5/5), 1.16 KiB | 591.00 KiB/s, done.
Total 5 (delta 0), reused 0 (delta 0), pack-reused 0
To https://github.com/phungthuan99/Laravel-Thuanpk.git
   a45d14d..d3b49cc  abc -> abc

T450s@DESKTOP-QPVRHCB MINGW64 /c/xampp/htdocs/Git-Laravel (abc)
$ ^C

T450s@DESKTOP-QPVRHCB MINGW64 /c/xampp/htdocs/Git-Laravel (abc)
$
